// Jest Snapshot v1, https://jestjs.io/docs/snapshot-testing

exports[`createAuthActions API surface matches the expected action keys snapshot 1`] = `
[
  "acceptRequest",
  "acceptTerms",
  "arriveAtDropoff",
  "arriveAtPickup",
  "calculateDriverEarnings",
  "cancelOrder",
  "changePassword",
  "checkDriverOnboardingStatus",
  "checkExpiredRequests",
  "checkTermsAcceptance",
  "claimRequestForViewing",
  "completeDelivery",
  "completeTripWithPayment",
  "compressImage",
  "confirmPickup",
  "confirmScheduledTripCheckin",
  "createConversation",
  "createDriverConnectAccount",
  "createPickupRequest",
  "createVerificationSession",
  "declineRequestOffer",
  "declineScheduledTripCheckin",
  "deleteAccount",
  "deletePhotoFromStorage",
  "deleteProfileImage",
  "extendRequestTimer",
  "finishDelivery",
  "getAvailableRequests",
  "getCancellationInfo",
  "getConversations",
  "getDriverEarningsHistory",
  "getDriverFeedback",
  "getDriverOnboardingLink",
  "getDriverPayouts",
  "getDriverProfile",
  "getDriverSessionStats",
  "getDriverStats",
  "getDriverTrips",
  "getLegalConfig",
  "getMessages",
  "getOnlineDrivers",
  "getPendingDriverScheduledCheckins",
  "getPhotoURL",
  "getProfileImage",
  "getRequestById",
  "getTermsStatus",
  "getUserPickupRequests",
  "getUserProfile",
  "loadOlderMessages",
  "login",
  "logout",
  "markMessageAsRead",
  "processInstantPayout",
  "processTripPayout",
  "releaseRequestViewing",
  "requestInstantPayout",
  "resetExpiredRequest",
  "resetPassword",
  "saveFeedback",
  "sendMessage",
  "setDriverOffline",
  "setDriverOnline",
  "signInWithApple",
  "signInWithGoogle",
  "signup",
  "startDelivery",
  "startDriving",
  "submitTripRating",
  "subscribeToConversations",
  "subscribeToMessages",
  "updateDriverEarnings",
  "updateDriverHeartbeat",
  "updateDriverLocation",
  "updateDriverPaymentProfile",
  "updateDriverStatus",
  "updateRequestStatus",
  "updateUserProfile",
  "updateUserRating",
  "uploadMultiplePhotos",
  "uploadPhotoToStorage",
  "uploadProfileImage",
  "uploadRequestPhotos",
  "uploadToSupabase",
  "verifyAccountPassword",
]
`;
